// Jest Snapshot v1, https://goo.gl/fbAQLP

exports[`<TextInput /> matches a snapshot 1`] = `
<div>
  <div
    style="display: flex; flex-direction: column-reverse;"
  >
    <input
      class="sc-AxjAm epslib"
      type="text"
      value=""
    />
    <label
      class="sc-AxiKw bpTyXb"
    >
      Test
    </label>
  </div>
</div>
`;
